     [38;5;10m[1mFinished[0m in 5.09s
[INFO ] sysclk reel = 168000000 Hz (regime_bench src/bin/regime_bench.rs:210)
[INFO ] SP au demarrage = 2001fb50, marge = 129872 octets avant le bas de la RAM (regime_bench src/bin/regime_bench.rs:216)
[INFO ] === regime_bench: budget tick=10ms (100Hz), budget RAM securite=75000 o / 128 Ko === (regime_bench src/bin/regime_bench.rs:222)
[INFO ]   [entree rgb32_k4] SP=20018fe8, marge=102376 o (regime_bench src/bin/regime_bench.rs:75)
[INFO ] rgb32_k4 | H=32 W=32 C=3 K=4 noyau=3x3 | sortie 30x30 | MACs=97200 | tenseurs=27120 o (20.690918% des 128Ko) (regime_bench src/bin/regime_bench.rs:86)
[INFO ]   -> 720160 cycles/iter (4286.6665 us, 7.4090533 cycles/MAC) | 42.866665% du tick 10ms (regime_bench src/bin/regime_bench.rs:165)
[INFO ]   -> OK : tient dans la moitié du tick, marge confortable (regime_bench src/bin/regime_bench.rs:173)
[INFO ] REGIME|rgb32_k4|32|32|3|4|3|3|97200|27120|OK|720160|7.4090533|4286.6665|42.866665 (regime_bench src/bin/regime_bench.rs:180)
[INFO ]   [entree gray64_k1] SP=20017a58, marge=96856 o (regime_bench src/bin/regime_bench.rs:75)
[INFO ] gray64_k1 | H=64 W=64 C=1 K=1 noyau=3x3 | sortie 62x62 | MACs=34596 | tenseurs=31796 o (24.258423% des 128Ko) (regime_bench src/bin/regime_bench.rs:86)
[INFO ]   -> 275111 cycles/iter (1637.5654 us, 7.952104 cycles/MAC) | 16.375654% du tick 10ms (regime_bench src/bin/regime_bench.rs:165)
[INFO ]   -> OK : tient dans la moitié du tick, marge confortable (regime_bench src/bin/regime_bench.rs:173)
[INFO ] REGIME|gray64_k1|64|64|1|1|3|3|34596|31796|OK|275111|7.952104|1637.5654|16.375654 (regime_bench src/bin/regime_bench.rs:180)
[INFO ]   [entree rgb48_k4] SP=200107e8, marge=67560 o (regime_bench src/bin/regime_bench.rs:75)
[INFO ] rgb48_k4 | H=48 W=48 C=3 K=4 noyau=3x3 | sortie 46x46 | MACs=228528 | tenseurs=61936 o (47.253418% des 128Ko) (regime_bench src/bin/regime_bench.rs:86)
[INFO ]   -> 1495008 cycles/iter (8898.857 us, 6.541903 cycles/MAC) | 88.98857% du tick 10ms (regime_bench src/bin/regime_bench.rs:165)
[WARN ]   -> SERRE : tient dans le tick mais laisse peu de marge pour le reste (regime_bench src/bin/regime_bench.rs:175)
[INFO ] REGIME|rgb48_k4|48|48|3|4|3|3|228528|61936|OK|1495008|6.541903|8898.857|88.98857 (regime_bench src/bin/regime_bench.rs:180)
[INFO ]   [entree gray96_k1] SP=2000da58, marge=55896 o (regime_bench src/bin/regime_bench.rs:75)
[INFO ] gray96_k1 | H=96 W=96 C=1 K=1 noyau=3x3 | sortie 94x94 | MACs=79524 | tenseurs=72244 o (55.117798% des 128Ko) (regime_bench src/bin/regime_bench.rs:86)
[INFO ]   -> 622165 cycles/iter (3703.363 us, 7.823613 cycles/MAC) | 37.03363% du tick 10ms (regime_bench src/bin/regime_bench.rs:165)
[INFO ]   -> OK : tient dans la moitié du tick, marge confortable (regime_bench src/bin/regime_bench.rs:173)
[INFO ] REGIME|gray96_k1|96|96|1|1|3|3|79524|72244|OK|622165|7.823613|3703.363|37.03363 (regime_bench src/bin/regime_bench.rs:180)
[INFO ]   [entree gray64_k4] SP=2001fb28, marge=129832 o (regime_bench src/bin/regime_bench.rs:75)
[INFO ] gray64_k4 | H=64 W=64 C=1 K=4 noyau=3x3 | sortie 62x62 | MACs=138384 | tenseurs=78032 o (59.53369% des 128Ko) (regime_bench src/bin/regime_bench.rs:86)
[WARN ]   -> SKIP : tenseurs=78032 o, pile reelle estimee~=78032 o (x1), depasse le budget (75000 o) - non exécuté pour ne pas faire déborder la pile (regime_bench src/bin/regime_bench.rs:104)
[INFO ] REGIME|gray64_k4|64|64|1|4|3|3|138384|78032|SKIP|0|0.0|0.0|0.0 (regime_bench src/bin/regime_bench.rs:111)
[INFO ]   [entree gray128_k1] SP=2001fb28, marge=129832 o (regime_bench src/bin/regime_bench.rs:75)
[INFO ] gray128_k1 | H=128 W=128 C=1 K=1 noyau=3x3 | sortie 126x126 | MACs=142884 | tenseurs=129076 o (98.47717% des 128Ko) (regime_bench src/bin/regime_bench.rs:86)
[WARN ]   -> SKIP : tenseurs=129076 o, pile reelle estimee~=129076 o (x1), depasse le budget (75000 o) - non exécuté pour ne pas faire déborder la pile (regime_bench src/bin/regime_bench.rs:104)
[INFO ] REGIME|gray128_k1|128|128|1|1|3|3|142884|129076|SKIP|0|0.0|0.0|0.0 (regime_bench src/bin/regime_bench.rs:111)
[INFO ] === grille axes canaux x resolution (K=1, noyau 3x3) === (regime_bench src/bin/regime_bench.rs:311)
[INFO ]   [entree grid_c1_016] SP=2001f260, marge=127584 o (regime_bench src/bin/regime_bench.rs:75)
[INFO ] grid_c1_016 | H=16 W=16 C=1 K=1 noyau=3x3 | sortie 14x14 | MACs=1764 | tenseurs=1844 o (1.4068604% des 128Ko) (regime_bench src/bin/regime_bench.rs:86)
[INFO ]   -> 16059 cycles/iter (95.58929 us, 9.103742 cycles/MAC) | 0.9558929% du tick 10ms (regime_bench src/bin/regime_bench.rs:165)
[INFO ]   -> OK : tient dans la moitié du tick, marge confortable (regime_bench src/bin/regime_bench.rs:173)
[INFO ] REGIME|grid_c1_016|16|16|1|1|3|3|1764|1844|OK|16059|9.103742|95.58929|0.9558929 (regime_bench src/bin/regime_bench.rs:180)
[INFO ]   [entree grid_c1_024] SP=2001e860, marge=125024 o (regime_bench src/bin/regime_bench.rs:75)
[INFO ] grid_c1_024 | H=24 W=24 C=1 K=1 noyau=3x3 | sortie 22x22 | MACs=4356 | tenseurs=4276 o (3.262329% des 128Ko) (regime_bench src/bin/regime_bench.rs:86)
[INFO ]   -> 38974 cycles/iter (231.9881 us, 8.947199 cycles/MAC) | 2.319881% du tick 10ms (regime_bench src/bin/regime_bench.rs:165)
[INFO ]   -> OK : tient dans la moitié du tick, marge confortable (regime_bench src/bin/regime_bench.rs:173)
[INFO ] REGIME|grid_c1_024|24|24|1|1|3|3|4356|4276|OK|38974|8.947199|231.9881|2.319881 (regime_bench src/bin/regime_bench.rs:180)
[INFO ]   [entree grid_c1_032] SP=2001da60, marge=121440 o (regime_bench src/bin/regime_bench.rs:75)
[INFO ] grid_c1_032 | H=32 W=32 C=1 K=1 noyau=3x3 | sortie 30x30 | MACs=8100 | tenseurs=7732 o (5.899048% des 128Ko) (regime_bench src/bin/regime_bench.rs:86)
[INFO ]   -> 73057 cycles/iter (434.8631 us, 9.019382 cycles/MAC) | 4.348631% du tick 10ms (regime_bench src/bin/regime_bench.rs:165)
[INFO ]   -> OK : tient dans la moitié du tick, marge confortable (regime_bench src/bin/regime_bench.rs:173)
[INFO ] REGIME|grid_c1_032|32|32|1|1|3|3|8100|7732|OK|73057|9.019382|434.8631|4.348631 (regime_bench src/bin/regime_bench.rs:180)
[INFO ]   [entree grid_c1_040] SP=2001c858, marge=116824 o (regime_bench src/bin/regime_bench.rs:75)
[INFO ] grid_c1_040 | H=40 W=40 C=1 K=1 noyau=3x3 | sortie 38x38 | MACs=12996 | tenseurs=12212 o (9.317017% des 128Ko) (regime_bench src/bin/regime_bench.rs:86)
[INFO ]   -> 116771 cycles/iter (695.0655 us, 8.985149 cycles/MAC) | 6.950655% du tick 10ms (regime_bench src/bin/regime_bench.rs:165)
[INFO ]   -> OK : tient dans la moitié du tick, marge confortable (regime_bench src/bin/regime_bench.rs:173)
[INFO ] REGIME|grid_c1_040|40|40|1|1|3|3|12996|12212|OK|116771|8.985149|695.0655|6.950655 (regime_bench src/bin/regime_bench.rs:180)
[INFO ]   [entree grid_c1_048] SP=2001b258, marge=111192 o (regime_bench src/bin/regime_bench.rs:75)
[INFO ] grid_c1_048 | H=48 W=48 C=1 K=1 noyau=3x3 | sortie 46x46 | MACs=19044 | tenseurs=17716 o (13.516235% des 128Ko) (regime_bench src/bin/regime_bench.rs:86)
[INFO ]   -> 163564 cycles/iter (973.5952 us, 8.588742 cycles/MAC) | 9.735952% du tick 10ms (regime_bench src/bin/regime_bench.rs:165)
[INFO ]   -> OK : tient dans la moitié du tick, marge confortable (regime_bench src/bin/regime_bench.rs:173)
[INFO ] REGIME|grid_c1_048|48|48|1|1|3|3|19044|17716|OK|163564|8.588742|973.5952|9.735952 (regime_bench src/bin/regime_bench.rs:180)
[INFO ]   [entree grid_c1_056] SP=20019858, marge=104536 o (regime_bench src/bin/regime_bench.rs:75)
[INFO ] grid_c1_056 | H=56 W=56 C=1 K=1 noyau=3x3 | sortie 54x54 | MACs=26244 | tenseurs=24244 o (18.496704% des 128Ko) (regime_bench src/bin/regime_bench.rs:86)
[INFO ]   -> 209345 cycles/iter (1246.1012 us, 7.976871 cycles/MAC) | 12.461012% du tick 10ms (regime_bench src/bin/regime_bench.rs:165)
[INFO ]   -> OK : tient dans la moitié du tick, marge confortable (regime_bench src/bin/regime_bench.rs:173)
[INFO ] REGIME|grid_c1_056|56|56|1|1|3|3|26244|24244|OK|209345|7.976871|1246.1012|12.461012 (regime_bench src/bin/regime_bench.rs:180)
[INFO ]   [entree grid_c1_064] SP=20017a58, marge=96856 o (regime_bench src/bin/regime_bench.rs:75)
[INFO ] grid_c1_064 | H=64 W=64 C=1 K=1 noyau=3x3 | sortie 62x62 | MACs=34596 | tenseurs=31796 o (24.258423% des 128Ko) (regime_bench src/bin/regime_bench.rs:86)
[INFO ]   -> 275111 cycles/iter (1637.5654 us, 7.952104 cycles/MAC) | 16.375654% du tick 10ms (regime_bench src/bin/regime_bench.rs:165)
[INFO ]   -> OK : tient dans la moitié du tick, marge confortable (regime_bench src/bin/regime_bench.rs:173)
[INFO ] REGIME|grid_c1_064|64|64|1|1|3|3|34596|31796|OK|275111|7.952104|1637.5654|16.375654 (regime_bench src/bin/regime_bench.rs:180)
[INFO ]   [entree grid_c1_072] SP=20015858, marge=88152 o (regime_bench src/bin/regime_bench.rs:75)
[INFO ] grid_c1_072 | H=72 W=72 C=1 K=1 noyau=3x3 | sortie 70x70 | MACs=44100 | tenseurs=40372 o (30.801392% des 128Ko) (regime_bench src/bin/regime_bench.rs:86)
[INFO ]   -> 348875 cycles/iter (2076.637 us, 7.910998 cycles/MAC) | 20.76637% du tick 10ms (regime_bench src/bin/regime_bench.rs:165)
[INFO ]   -> OK : tient dans la moitié du tick, marge confortable (regime_bench src/bin/regime_bench.rs:173)
[INFO ] REGIME|grid_c1_072|72|72|1|1|3|3|44100|40372|OK|348875|7.910998|2076.637|20.76637 (regime_bench src/bin/regime_bench.rs:180)
[INFO ]   [entree grid_c1_080] SP=20013258, marge=78424 o (regime_bench src/bin/regime_bench.rs:75)
[INFO ] grid_c1_080 | H=80 W=80 C=1 K=1 noyau=3x3 | sortie 78x78 | MACs=54756 | tenseurs=49972 o (38.12561% des 128Ko) (regime_bench src/bin/regime_bench.rs:86)
[INFO ]   -> 420363 cycles/iter (2502.1606 us, 7.6770215 cycles/MAC) | 25.021606% du tick 10ms (regime_bench src/bin/regime_bench.rs:165)
[INFO ]   -> OK : tient dans la moitié du tick, marge confortable (regime_bench src/bin/regime_bench.rs:173)
[INFO ] REGIME|grid_c1_080|80|80|1|1|3|3|54756|49972|OK|420363|7.6770215|2502.1606|25.021606 (regime_bench src/bin/regime_bench.rs:180)
[INFO ]   [entree grid_c1_088] SP=20010858, marge=67672 o (regime_bench src/bin/regime_bench.rs:75)
[INFO ] grid_c1_088 | H=88 W=88 C=1 K=1 noyau=3x3 | sortie 86x86 | MACs=66564 | tenseurs=60596 o (46.23108% des 128Ko) (regime_bench src/bin/regime_bench.rs:86)
[INFO ]   -> 519721 cycles/iter (3093.5774 us, 7.807839 cycles/MAC) | 30.935774% du tick 10ms (regime_bench src/bin/regime_bench.rs:165)
[INFO ]   -> OK : tient dans la moitié du tick, marge confortable (regime_bench src/bin/regime_bench.rs:173)
[INFO ] REGIME|grid_c1_088|88|88|1|1|3|3|66564|60596|OK|519721|7.807839|3093.5774|30.935774 (regime_bench src/bin/regime_bench.rs:180)
[INFO ]   [entree grid_c1_096] SP=2000da58, marge=55896 o (regime_bench src/bin/regime_bench.rs:75)
[INFO ] grid_c1_096 | H=96 W=96 C=1 K=1 noyau=3x3 | sortie 94x94 | MACs=79524 | tenseurs=72244 o (55.117798% des 128Ko) (regime_bench src/bin/regime_bench.rs:86)
[INFO ]   -> 622164 cycles/iter (3703.3572 us, 7.8236003 cycles/MAC) | 37.033573% du tick 10ms (regime_bench src/bin/regime_bench.rs:165)
[INFO ]   -> OK : tient dans la moitié du tick, marge confortable (regime_bench src/bin/regime_bench.rs:173)
[INFO ] REGIME|grid_c1_096|96|96|1|1|3|3|79524|72244|OK|622164|7.8236003|3703.3572|37.033573 (regime_bench src/bin/regime_bench.rs:180)
[INFO ]   [entree grid_c1_104] SP=2001fb28, marge=129832 o (regime_bench src/bin/regime_bench.rs:75)
[INFO ] grid_c1_104 | H=104 W=104 C=1 K=1 noyau=3x3 | sortie 102x102 | MACs=93636 | tenseurs=84916 o (64.78577% des 128Ko) (regime_bench src/bin/regime_bench.rs:86)
[WARN ]   -> SKIP : tenseurs=84916 o, pile reelle estimee~=84916 o (x1), depasse le budget (75000 o) - non exécuté pour ne pas faire déborder la pile (regime_bench src/bin/regime_bench.rs:104)
[INFO ] REGIME|grid_c1_104|104|104|1|1|3|3|93636|84916|SKIP|0|0.0|0.0|0.0 (regime_bench src/bin/regime_bench.rs:111)
[INFO ]   [entree grid_c1_112] SP=2001fb28, marge=129832 o (regime_bench src/bin/regime_bench.rs:75)
[INFO ] grid_c1_112 | H=112 W=112 C=1 K=1 noyau=3x3 | sortie 110x110 | MACs=108900 | tenseurs=98612 o (75.234985% des 128Ko) (regime_bench src/bin/regime_bench.rs:86)
[WARN ]   -> SKIP : tenseurs=98612 o, pile reelle estimee~=98612 o (x1), depasse le budget (75000 o) - non exécuté pour ne pas faire déborder la pile (regime_bench src/bin/regime_bench.rs:104)
[INFO ] REGIME|grid_c1_112|112|112|1|1|3|3|108900|98612|SKIP|0|0.0|0.0|0.0 (regime_bench src/bin/regime_bench.rs:111)
[INFO ]   [entree grid_c1_120] SP=2001fb28, marge=129832 o (regime_bench src/bin/regime_bench.rs:75)
[INFO ] grid_c1_120 | H=120 W=120 C=1 K=1 noyau=3x3 | sortie 118x118 | MACs=125316 | tenseurs=113332 o (86.465454% des 128Ko) (regime_bench src/bin/regime_bench.rs:86)
[WARN ]   -> SKIP : tenseurs=113332 o, pile reelle estimee~=113332 o (x1), depasse le budget (75000 o) - non exécuté pour ne pas faire déborder la pile (regime_bench src/bin/regime_bench.rs:104)
[INFO ] REGIME|grid_c1_120|120|120|1|1|3|3|125316|113332|SKIP|0|0.0|0.0|0.0 (regime_bench src/bin/regime_bench.rs:111)
[INFO ]   [entree grid_c1_128] SP=2001fb28, marge=129832 o (regime_bench src/bin/regime_bench.rs:75)
[INFO ] grid_c1_128 | H=128 W=128 C=1 K=1 noyau=3x3 | sortie 126x126 | MACs=142884 | tenseurs=129076 o (98.47717% des 128Ko) (regime_bench src/bin/regime_bench.rs:86)
[WARN ]   -> SKIP : tenseurs=129076 o, pile reelle estimee~=129076 o (x1), depasse le budget (75000 o) - non exécuté pour ne pas faire déborder la pile (regime_bench src/bin/regime_bench.rs:104)
[INFO ] REGIME|grid_c1_128|128|128|1|1|3|3|142884|129076|SKIP|0|0.0|0.0|0.0 (regime_bench src/bin/regime_bench.rs:111)
[INFO ]   [entree grid_c3_016] SP=2001e190, marge=123280 o (regime_bench src/bin/regime_bench.rs:75)
[INFO ] grid_c3_016 | H=16 W=16 C=3 K=1 noyau=3x3 | sortie 14x14 | MACs=5292 | tenseurs=3964 o (3.024292% des 128Ko) (regime_bench src/bin/regime_bench.rs:86)
[INFO ]   -> 39171 cycles/iter (233.16072 us, 7.4019275 cycles/MAC) | 2.3316073% du tick 10ms (regime_bench src/bin/regime_bench.rs:165)
[INFO ]   -> OK : tient dans la moitié du tick, marge confortable (regime_bench src/bin/regime_bench.rs:173)
[INFO ] REGIME|grid_c3_016|16|16|3|1|3|3|5292|3964|OK|39171|7.4019275|233.16072|2.3316073 (regime_bench src/bin/regime_bench.rs:180)
[INFO ]   [entree grid_c3_024] SP=2001c390, marge=115600 o (regime_bench src/bin/regime_bench.rs:75)
[INFO ] grid_c3_024 | H=24 W=24 C=3 K=1 noyau=3x3 | sortie 22x22 | MACs=13068 | tenseurs=8956 o (6.8328857% des 128Ko) (regime_bench src/bin/regime_bench.rs:86)
[INFO ]   -> 97111 cycles/iter (578.0417 us, 7.431206 cycles/MAC) | 5.7804165% du tick 10ms (regime_bench src/bin/regime_bench.rs:165)
[INFO ]   -> OK : tient dans la moitié du tick, marge confortable (regime_bench src/bin/regime_bench.rs:173)
[INFO ] REGIME|grid_c3_024|24|24|3|1|3|3|13068|8956|OK|97111|7.431206|578.0417|5.7804165 (regime_bench src/bin/regime_bench.rs:180)
[INFO ]   [entree grid_c3_032] SP=20019990, marge=104848 o (regime_bench src/bin/regime_bench.rs:75)
[INFO ] grid_c3_032 | H=32 W=32 C=3 K=1 noyau=3x3 | sortie 30x30 | MACs=24300 | tenseurs=15996 o (12.2039795% des 128Ko) (regime_bench src/bin/regime_bench.rs:86)
[INFO ]   -> 159086 cycles/iter (946.9405 us, 6.546749 cycles/MAC) | 9.469405% du tick 10ms (regime_bench src/bin/regime_bench.rs:165)
[INFO ]   -> OK : tient dans la moitié du tick, marge confortable (regime_bench src/bin/regime_bench.rs:173)
[INFO ] REGIME|grid_c3_032|32|32|3|1|3|3|24300|15996|OK|159086|6.546749|946.9405|9.469405 (regime_bench src/bin/regime_bench.rs:180)
[INFO ]   [entree grid_c3_040] SP=20016390, marge=91024 o (regime_bench src/bin/regime_bench.rs:75)
[INFO ] grid_c3_040 | H=40 W=40 C=3 K=1 noyau=3x3 | sortie 38x38 | MACs=38988 | tenseurs=25084 o (19.137573% des 128Ko) (regime_bench src/bin/regime_bench.rs:86)
[INFO ]   -> 247139 cycles/iter (1471.0654 us, 6.3388476 cycles/MAC) | 14.710654% du tick 10ms (regime_bench src/bin/regime_bench.rs:165)
[INFO ]   -> OK : tient dans la moitié du tick, marge confortable (regime_bench src/bin/regime_bench.rs:173)
[INFO ] REGIME|grid_c3_040|40|40|3|1|3|3|38988|25084|OK|247139|6.3388476|1471.0654|14.710654 (regime_bench src/bin/regime_bench.rs:180)
[INFO ]   [entree grid_c3_048] SP=20012190, marge=74128 o (regime_bench src/bin/regime_bench.rs:75)
[INFO ] grid_c3_048 | H=48 W=48 C=3 K=1 noyau=3x3 | sortie 46x46 | MACs=57132 | tenseurs=36220 o (27.633667% des 128Ko) (regime_bench src/bin/regime_bench.rs:86)
[INFO ]   -> 360854 cycles/iter (2147.9404 us, 6.316145 cycles/MAC) | 21.479404% du tick 10ms (regime_bench src/bin/regime_bench.rs:165)
[INFO ]   -> OK : tient dans la moitié du tick, marge confortable (regime_bench src/bin/regime_bench.rs:173)
[INFO ] REGIME|grid_c3_048|48|48|3|1|3|3|57132|36220|OK|360854|6.316145|2147.9404|21.479404 (regime_bench src/bin/regime_bench.rs:180)
[INFO ]   [entree grid_c3_056] SP=2000d390, marge=54160 o (regime_bench src/bin/regime_bench.rs:75)
[INFO ] grid_c3_056 | H=56 W=56 C=3 K=1 noyau=3x3 | sortie 54x54 | MACs=78732 | tenseurs=49404 o (37.69226% des 128Ko) (regime_bench src/bin/regime_bench.rs:86)
[INFO ]   -> 496814 cycles/iter (2957.226 us, 6.3101916 cycles/MAC) | 29.57226% du tick 10ms (regime_bench src/bin/regime_bench.rs:165)
[INFO ]   -> OK : tient dans la moitié du tick, marge confortable (regime_bench src/bin/regime_bench.rs:173)
[INFO ] REGIME|grid_c3_056|56|56|3|1|3|3|78732|49404|OK|496814|6.3101916|2957.226|29.57226 (regime_bench src/bin/regime_bench.rs:180)
[INFO ]   [entree grid_c3_064] SP=20007990, marge=31120 o (regime_bench src/bin/regime_bench.rs:75)
[INFO ] grid_c3_064 | H=64 W=64 C=3 K=1 noyau=3x3 | sortie 62x62 | MACs=103788 | tenseurs=64636 o (49.313354% des 128Ko) (regime_bench src/bin/regime_bench.rs:86)
[INFO ]   -> 654520 cycles/iter (3895.9524 us, 6.306317 cycles/MAC) | 38.959522% du tick 10ms (regime_bench src/bin/regime_bench.rs:165)
[INFO ]   -> OK : tient dans la moitié du tick, marge confortable (regime_bench src/bin/regime_bench.rs:173)
[INFO ] REGIME|grid_c3_064|64|64|3|1|3|3|103788|64636|OK|654520|6.306317|3895.9524|38.959522 (regime_bench src/bin/regime_bench.rs:180)
[INFO ]   [entree grid_c3_072] SP=2001fb28, marge=129832 o (regime_bench src/bin/regime_bench.rs:75)
[INFO ] grid_c3_072 | H=72 W=72 C=3 K=1 noyau=3x3 | sortie 70x70 | MACs=132300 | tenseurs=81916 o (62.49695% des 128Ko) (regime_bench src/bin/regime_bench.rs:86)
[WARN ]   -> SKIP : tenseurs=81916 o, pile reelle estimee~=81916 o (x1), depasse le budget (75000 o) - non exécuté pour ne pas faire déborder la pile (regime_bench src/bin/regime_bench.rs:104)
[INFO ] REGIME|grid_c3_072|72|72|3|1|3|3|132300|81916|SKIP|0|0.0|0.0|0.0 (regime_bench src/bin/regime_bench.rs:111)
[INFO ]   [entree grid_c3_080] SP=2001fb28, marge=129832 o (regime_bench src/bin/regime_bench.rs:75)
[INFO ] grid_c3_080 | H=80 W=80 C=3 K=1 noyau=3x3 | sortie 78x78 | MACs=164268 | tenseurs=101244 o (77.24304% des 128Ko) (regime_bench src/bin/regime_bench.rs:86)
[WARN ]   -> SKIP : tenseurs=101244 o, pile reelle estimee~=101244 o (x1), depasse le budget (75000 o) - non exécuté pour ne pas faire déborder la pile (regime_bench src/bin/regime_bench.rs:104)
[INFO ] REGIME|grid_c3_080|80|80|3|1|3|3|164268|101244|SKIP|0|0.0|0.0|0.0 (regime_bench src/bin/regime_bench.rs:111)
[INFO ]   [entree grid_c3_088] SP=2001fb28, marge=129832 o (regime_bench src/bin/regime_bench.rs:75)
[INFO ] grid_c3_088 | H=88 W=88 C=3 K=1 noyau=3x3 | sortie 86x86 | MACs=199692 | tenseurs=122620 o (93.551636% des 128Ko) (regime_bench src/bin/regime_bench.rs:86)
[WARN ]   -> SKIP : tenseurs=122620 o, pile reelle estimee~=122620 o (x1), depasse le budget (75000 o) - non exécuté pour ne pas faire déborder la pile (regime_bench src/bin/regime_bench.rs:104)
[INFO ] REGIME|grid_c3_088|88|88|3|1|3|3|199692|122620|SKIP|0|0.0|0.0|0.0 (regime_bench src/bin/regime_bench.rs:111)
[INFO ]   [entree grid_c3_096] SP=2001fb28, marge=129832 o (regime_bench src/bin/regime_bench.rs:75)
[INFO ] grid_c3_096 | H=96 W=96 C=3 K=1 noyau=3x3 | sortie 94x94 | MACs=238572 | tenseurs=146044 o (111.42273% des 128Ko) (regime_bench src/bin/regime_bench.rs:86)
[WARN ]   -> SKIP : tenseurs=146044 o, pile reelle estimee~=146044 o (x1), depasse le budget (75000 o) - non exécuté pour ne pas faire déborder la pile (regime_bench src/bin/regime_bench.rs:104)
[INFO ] REGIME|grid_c3_096|96|96|3|1|3|3|238572|146044|SKIP|0|0.0|0.0|0.0 (regime_bench src/bin/regime_bench.rs:111)
[INFO ]   [entree grid_c3_104] SP=2001fb28, marge=129832 o (regime_bench src/bin/regime_bench.rs:75)
[INFO ] grid_c3_104 | H=104 W=104 C=3 K=1 noyau=3x3 | sortie 102x102 | MACs=280908 | tenseurs=171516 o (130.85632% des 128Ko) (regime_bench src/bin/regime_bench.rs:86)
[WARN ]   -> SKIP : tenseurs=171516 o, pile reelle estimee~=171516 o (x1), depasse le budget (75000 o) - non exécuté pour ne pas faire déborder la pile (regime_bench src/bin/regime_bench.rs:104)
[INFO ] REGIME|grid_c3_104|104|104|3|1|3|3|280908|171516|SKIP|0|0.0|0.0|0.0 (regime_bench src/bin/regime_bench.rs:111)
[INFO ]   [entree grid_c3_112] SP=2001fb28, marge=129832 o (regime_bench src/bin/regime_bench.rs:75)
[INFO ] grid_c3_112 | H=112 W=112 C=3 K=1 noyau=3x3 | sortie 110x110 | MACs=326700 | tenseurs=199036 o (151.85242% des 128Ko) (regime_bench src/bin/regime_bench.rs:86)
[WARN ]   -> SKIP : tenseurs=199036 o, pile reelle estimee~=199036 o (x1), depasse le budget (75000 o) - non exécuté pour ne pas faire déborder la pile (regime_bench src/bin/regime_bench.rs:104)
[INFO ] REGIME|grid_c3_112|112|112|3|1|3|3|326700|199036|SKIP|0|0.0|0.0|0.0 (regime_bench src/bin/regime_bench.rs:111)
[INFO ]   [entree grid_c3_120] SP=2001fb28, marge=129832 o (regime_bench src/bin/regime_bench.rs:75)
[INFO ] grid_c3_120 | H=120 W=120 C=3 K=1 noyau=3x3 | sortie 118x118 | MACs=375948 | tenseurs=228604 o (174.41101% des 128Ko) (regime_bench src/bin/regime_bench.rs:86)
[WARN ]   -> SKIP : tenseurs=228604 o, pile reelle estimee~=228604 o (x1), depasse le budget (75000 o) - non exécuté pour ne pas faire déborder la pile (regime_bench src/bin/regime_bench.rs:104)
[INFO ] REGIME|grid_c3_120|120|120|3|1|3|3|375948|228604|SKIP|0|0.0|0.0|0.0 (regime_bench src/bin/regime_bench.rs:111)
[INFO ]   [entree grid_c3_128] SP=2001fb28, marge=129832 o (regime_bench src/bin/regime_bench.rs:75)
[INFO ] grid_c3_128 | H=128 W=128 C=3 K=1 noyau=3x3 | sortie 126x126 | MACs=428652 | tenseurs=260220 o (198.5321% des 128Ko) (regime_bench src/bin/regime_bench.rs:86)
[WARN ]   -> SKIP : tenseurs=260220 o, pile reelle estimee~=260220 o (x1), depasse le budget (75000 o) - non exécuté pour ne pas faire déborder la pile (regime_bench src/bin/regime_bench.rs:104)
[INFO ] REGIME|grid_c3_128|128|128|3|1|3|3|428652|260220|SKIP|0|0.0|0.0|0.0 (regime_bench src/bin/regime_bench.rs:111)
[INFO ] === fin regime_bench === (regime_bench src/bin/regime_bench.rs:344)
Received SIGTERM, exiting
Exited by user request
