     [38;5;10m[1mFinished[0m in 5.05s
[INFO ] sysclk reel = 168000000 Hz (scaling_bench src/bin/scaling_bench.rs:156)
[INFO ] === scaling_bench: axe canaux (C=1..4) x axe resolution (W), ConvStreaming === (scaling_bench src/bin/scaling_bench.rs:157)
[INFO ] c1_w80 | C=1 W=80 noyau=3x3 | sortie 78 px/ligne | MACs/ligne=702 | ring buffers=960 o (scaling_bench src/bin/scaling_bench.rs:74)
[INFO ]   -> 6369 cycles/ligne (37.910713 us, 9.07265 cycles/MAC) (scaling_bench src/bin/scaling_bench.rs:112)
[INFO ]   -> FPS plafond compute-bound (ignore acquisition capteur/DMA) : (scaling_bench src/bin/scaling_bench.rs:119)
[INFO ]        120p (120 lignes) -> 219.81473 fps max (scaling_bench src/bin/scaling_bench.rs:122)
[INFO ]        240p (240 lignes) -> 109.907364 fps max (scaling_bench src/bin/scaling_bench.rs:122)
[INFO ]        480p (480 lignes) -> 54.953682 fps max (scaling_bench src/bin/scaling_bench.rs:122)
[INFO ]        720p (720 lignes) -> 36.635788 fps max (scaling_bench src/bin/scaling_bench.rs:122)
[INFO ] SCALE|c1_w80|1|80|6369|37.910713|9.07265|960|219.81473|109.907364|54.953682|36.635788 (scaling_bench src/bin/scaling_bench.rs:129)
[INFO ] c1_w160 | C=1 W=160 noyau=3x3 | sortie 158 px/ligne | MACs/ligne=1422 | ring buffers=1920 o (scaling_bench src/bin/scaling_bench.rs:74)
[INFO ]   -> 13088 cycles/ligne (77.90476 us, 9.2039385 cycles/MAC) (scaling_bench src/bin/scaling_bench.rs:112)
[INFO ]   -> FPS plafond compute-bound (ignore acquisition capteur/DMA) : (scaling_bench src/bin/scaling_bench.rs:119)
[INFO ]        120p (120 lignes) -> 106.968216 fps max (scaling_bench src/bin/scaling_bench.rs:122)
[INFO ]        240p (240 lignes) -> 53.484108 fps max (scaling_bench src/bin/scaling_bench.rs:122)
[INFO ]        480p (480 lignes) -> 26.742054 fps max (scaling_bench src/bin/scaling_bench.rs:122)
[INFO ]        720p (720 lignes) -> 17.828035 fps max (scaling_bench src/bin/scaling_bench.rs:122)
[INFO ] SCALE|c1_w160|1|160|13088|77.90476|9.2039385|1920|106.968216|53.484108|26.742054|17.828035 (scaling_bench src/bin/scaling_bench.rs:129)
[INFO ] c1_w240 | C=1 W=240 noyau=3x3 | sortie 238 px/ligne | MACs/ligne=2142 | ring buffers=2880 o (scaling_bench src/bin/scaling_bench.rs:74)
[INFO ]   -> 18689 cycles/ligne (111.24405 us, 8.725023 cycles/MAC) (scaling_bench src/bin/scaling_bench.rs:112)
[INFO ]   -> FPS plafond compute-bound (ignore acquisition capteur/DMA) : (scaling_bench src/bin/scaling_bench.rs:119)
[INFO ]        120p (120 lignes) -> 74.91038 fps max (scaling_bench src/bin/scaling_bench.rs:122)
[INFO ]        240p (240 lignes) -> 37.45519 fps max (scaling_bench src/bin/scaling_bench.rs:122)
[INFO ]        480p (480 lignes) -> 18.727594 fps max (scaling_bench src/bin/scaling_bench.rs:122)
[INFO ]        720p (720 lignes) -> 12.485063 fps max (scaling_bench src/bin/scaling_bench.rs:122)
[INFO ] SCALE|c1_w240|1|240|18689|111.24405|8.725023|2880|74.91038|37.45519|18.727594|12.485063 (scaling_bench src/bin/scaling_bench.rs:129)
[INFO ] c1_w320 | C=1 W=320 noyau=3x3 | sortie 318 px/ligne | MACs/ligne=2862 | ring buffers=3840 o (scaling_bench src/bin/scaling_bench.rs:74)
[INFO ]   -> 26819 cycles/ligne (159.6369 us, 9.37072 cycles/MAC) (scaling_bench src/bin/scaling_bench.rs:112)
[INFO ]   -> FPS plafond compute-bound (ignore acquisition capteur/DMA) : (scaling_bench src/bin/scaling_bench.rs:119)
[INFO ]        120p (120 lignes) -> 52.201797 fps max (scaling_bench src/bin/scaling_bench.rs:122)
[INFO ]        240p (240 lignes) -> 26.100899 fps max (scaling_bench src/bin/scaling_bench.rs:122)
[INFO ]        480p (480 lignes) -> 13.050449 fps max (scaling_bench src/bin/scaling_bench.rs:122)
[INFO ]        720p (720 lignes) -> 8.700299 fps max (scaling_bench src/bin/scaling_bench.rs:122)
[INFO ] SCALE|c1_w320|1|320|26819|159.6369|9.37072|3840|52.201797|26.100899|13.050449|8.700299 (scaling_bench src/bin/scaling_bench.rs:129)
[INFO ] c1_w400 | C=1 W=400 noyau=3x3 | sortie 398 px/ligne | MACs/ligne=3582 | ring buffers=4800 o (scaling_bench src/bin/scaling_bench.rs:74)
[INFO ]   -> 34599 cycles/ligne (205.94643 us, 9.659129 cycles/MAC) (scaling_bench src/bin/scaling_bench.rs:112)
[INFO ]   -> FPS plafond compute-bound (ignore acquisition capteur/DMA) : (scaling_bench src/bin/scaling_bench.rs:119)
[INFO ]        120p (120 lignes) -> 40.463596 fps max (scaling_bench src/bin/scaling_bench.rs:122)
[INFO ]        240p (240 lignes) -> 20.231798 fps max (scaling_bench src/bin/scaling_bench.rs:122)
[INFO ]        480p (480 lignes) -> 10.115899 fps max (scaling_bench src/bin/scaling_bench.rs:122)
[INFO ]        720p (720 lignes) -> 6.7439327 fps max (scaling_bench src/bin/scaling_bench.rs:122)
[INFO ] SCALE|c1_w400|1|400|34599|205.94643|9.659129|4800|40.463596|20.231798|10.115899|6.7439327 (scaling_bench src/bin/scaling_bench.rs:129)
[INFO ] c1_w480 | C=1 W=480 noyau=3x3 | sortie 478 px/ligne | MACs/ligne=4302 | ring buffers=5760 o (scaling_bench src/bin/scaling_bench.rs:74)
[INFO ]   -> 41001 cycles/ligne (244.05357 us, 9.5306835 cycles/MAC) (scaling_bench src/bin/scaling_bench.rs:112)
[INFO ]   -> FPS plafond compute-bound (ignore acquisition capteur/DMA) : (scaling_bench src/bin/scaling_bench.rs:119)
[INFO ]        120p (120 lignes) -> 34.145508 fps max (scaling_bench src/bin/scaling_bench.rs:122)
[INFO ]        240p (240 lignes) -> 17.072754 fps max (scaling_bench src/bin/scaling_bench.rs:122)
[INFO ]        480p (480 lignes) -> 8.536377 fps max (scaling_bench src/bin/scaling_bench.rs:122)
[INFO ]        720p (720 lignes) -> 5.690918 fps max (scaling_bench src/bin/scaling_bench.rs:122)
[INFO ] SCALE|c1_w480|1|480|41001|244.05357|9.5306835|5760|34.145508|17.072754|8.536377|5.690918 (scaling_bench src/bin/scaling_bench.rs:129)
[INFO ] c1_w640 | C=1 W=640 noyau=3x3 | sortie 638 px/ligne | MACs/ligne=5742 | ring buffers=7680 o (scaling_bench src/bin/scaling_bench.rs:74)
[INFO ]   -> 54521 cycles/ligne (324.52975 us, 9.495124 cycles/MAC) (scaling_bench src/bin/scaling_bench.rs:112)
[INFO ]   -> FPS plafond compute-bound (ignore acquisition capteur/DMA) : (scaling_bench src/bin/scaling_bench.rs:119)
[INFO ]        120p (120 lignes) -> 25.678179 fps max (scaling_bench src/bin/scaling_bench.rs:122)
[INFO ]        240p (240 lignes) -> 12.839089 fps max (scaling_bench src/bin/scaling_bench.rs:122)
[INFO ]        480p (480 lignes) -> 6.4195447 fps max (scaling_bench src/bin/scaling_bench.rs:122)
[INFO ]        720p (720 lignes) -> 4.2796965 fps max (scaling_bench src/bin/scaling_bench.rs:122)
[INFO ] SCALE|c1_w640|1|640|54521|324.52975|9.495124|7680|25.678179|12.839089|6.4195447|4.2796965 (scaling_bench src/bin/scaling_bench.rs:129)
[INFO ] c1_w800 | C=1 W=800 noyau=3x3 | sortie 798 px/ligne | MACs/ligne=7182 | ring buffers=9600 o (scaling_bench src/bin/scaling_bench.rs:74)
[INFO ]   -> 64543 cycles/ligne (384.1845 us, 8.986773 cycles/MAC) (scaling_bench src/bin/scaling_bench.rs:112)
[INFO ]   -> FPS plafond compute-bound (ignore acquisition capteur/DMA) : (scaling_bench src/bin/scaling_bench.rs:119)
[INFO ]        120p (120 lignes) -> 21.690966 fps max (scaling_bench src/bin/scaling_bench.rs:122)
[INFO ]        240p (240 lignes) -> 10.845483 fps max (scaling_bench src/bin/scaling_bench.rs:122)
[INFO ]        480p (480 lignes) -> 5.4227414 fps max (scaling_bench src/bin/scaling_bench.rs:122)
[INFO ]        720p (720 lignes) -> 3.615161 fps max (scaling_bench src/bin/scaling_bench.rs:122)
[INFO ] SCALE|c1_w800|1|800|64543|384.1845|8.986773|9600|21.690966|10.845483|5.4227414|3.615161 (scaling_bench src/bin/scaling_bench.rs:129)
[INFO ] c1_w960 | C=1 W=960 noyau=3x3 | sortie 958 px/ligne | MACs/ligne=8622 | ring buffers=11520 o (scaling_bench src/bin/scaling_bench.rs:74)
[INFO ]   -> 80238 cycles/ligne (477.60715 us, 9.306193 cycles/MAC) (scaling_bench src/bin/scaling_bench.rs:112)
[INFO ]   -> FPS plafond compute-bound (ignore acquisition capteur/DMA) : (scaling_bench src/bin/scaling_bench.rs:119)
[INFO ]        120p (120 lignes) -> 17.448092 fps max (scaling_bench src/bin/scaling_bench.rs:122)
[INFO ]        240p (240 lignes) -> 8.724046 fps max (scaling_bench src/bin/scaling_bench.rs:122)
[INFO ]        480p (480 lignes) -> 4.362023 fps max (scaling_bench src/bin/scaling_bench.rs:122)
[INFO ]        720p (720 lignes) -> 2.9080153 fps max (scaling_bench src/bin/scaling_bench.rs:122)
[INFO ] SCALE|c1_w960|1|960|80238|477.60715|9.306193|11520|17.448092|8.724046|4.362023|2.9080153 (scaling_bench src/bin/scaling_bench.rs:129)
[INFO ] c1_w1280 | C=1 W=1280 noyau=3x3 | sortie 1278 px/ligne | MACs/ligne=11502 | ring buffers=15360 o (scaling_bench src/bin/scaling_bench.rs:74)
[INFO ]   -> 97943 cycles/ligne (582.994 us, 8.515302 cycles/MAC) (scaling_bench src/bin/scaling_bench.rs:112)
[INFO ]   -> FPS plafond compute-bound (ignore acquisition capteur/DMA) : (scaling_bench src/bin/scaling_bench.rs:119)
[INFO ]        120p (120 lignes) -> 14.294028 fps max (scaling_bench src/bin/scaling_bench.rs:122)
[INFO ]        240p (240 lignes) -> 7.147014 fps max (scaling_bench src/bin/scaling_bench.rs:122)
[INFO ]        480p (480 lignes) -> 3.573507 fps max (scaling_bench src/bin/scaling_bench.rs:122)
[INFO ]        720p (720 lignes) -> 2.382338 fps max (scaling_bench src/bin/scaling_bench.rs:122)
[INFO ] SCALE|c1_w1280|1|1280|97943|582.994|8.515302|15360|14.294028|7.147014|3.573507|2.382338 (scaling_bench src/bin/scaling_bench.rs:129)
[INFO ] c2_w160 | C=2 W=160 noyau=3x3 | sortie 158 px/ligne | MACs/ligne=2844 | ring buffers=3840 o (scaling_bench src/bin/scaling_bench.rs:74)
[INFO ]   -> 27137 cycles/ligne (161.52975 us, 9.541842 cycles/MAC) (scaling_bench src/bin/scaling_bench.rs:112)
[INFO ]   -> FPS plafond compute-bound (ignore acquisition capteur/DMA) : (scaling_bench src/bin/scaling_bench.rs:119)
[INFO ]        120p (120 lignes) -> 51.59008 fps max (scaling_bench src/bin/scaling_bench.rs:122)
[INFO ]        240p (240 lignes) -> 25.79504 fps max (scaling_bench src/bin/scaling_bench.rs:122)
[INFO ]        480p (480 lignes) -> 12.89752 fps max (scaling_bench src/bin/scaling_bench.rs:122)
[INFO ]        720p (720 lignes) -> 8.598347 fps max (scaling_bench src/bin/scaling_bench.rs:122)
[INFO ] SCALE|c2_w160|2|160|27137|161.52975|9.541842|3840|51.59008|25.79504|12.89752|8.598347 (scaling_bench src/bin/scaling_bench.rs:129)
[INFO ] c3_w160 | C=3 W=160 noyau=3x3 | sortie 158 px/ligne | MACs/ligne=4266 | ring buffers=5760 o (scaling_bench src/bin/scaling_bench.rs:74)
[INFO ]   -> 40020 cycles/ligne (238.21428 us, 9.381153 cycles/MAC) (scaling_bench src/bin/scaling_bench.rs:112)
[INFO ]   -> FPS plafond compute-bound (ignore acquisition capteur/DMA) : (scaling_bench src/bin/scaling_bench.rs:119)
[INFO ]        120p (120 lignes) -> 34.98251 fps max (scaling_bench src/bin/scaling_bench.rs:122)
[INFO ]        240p (240 lignes) -> 17.491255 fps max (scaling_bench src/bin/scaling_bench.rs:122)
[INFO ]        480p (480 lignes) -> 8.745627 fps max (scaling_bench src/bin/scaling_bench.rs:122)
[INFO ]        720p (720 lignes) -> 5.830418 fps max (scaling_bench src/bin/scaling_bench.rs:122)
[INFO ] SCALE|c3_w160|3|160|40020|238.21428|9.381153|5760|34.98251|17.491255|8.745627|5.830418 (scaling_bench src/bin/scaling_bench.rs:129)
[INFO ] c4_w160 | C=4 W=160 noyau=3x3 | sortie 158 px/ligne | MACs/ligne=5688 | ring buffers=7680 o (scaling_bench src/bin/scaling_bench.rs:74)
[INFO ]   -> 50779 cycles/ligne (302.25595 us, 8.927391 cycles/MAC) (scaling_bench src/bin/scaling_bench.rs:112)
[INFO ]   -> FPS plafond compute-bound (ignore acquisition capteur/DMA) : (scaling_bench src/bin/scaling_bench.rs:119)
[INFO ]        120p (120 lignes) -> 27.570452 fps max (scaling_bench src/bin/scaling_bench.rs:122)
[INFO ]        240p (240 lignes) -> 13.785226 fps max (scaling_bench src/bin/scaling_bench.rs:122)
[INFO ]        480p (480 lignes) -> 6.892613 fps max (scaling_bench src/bin/scaling_bench.rs:122)
[INFO ]        720p (720 lignes) -> 4.5950756 fps max (scaling_bench src/bin/scaling_bench.rs:122)
[INFO ] SCALE|c4_w160|4|160|50779|302.25595|8.927391|7680|27.570452|13.785226|6.892613|4.5950756 (scaling_bench src/bin/scaling_bench.rs:129)
[INFO ] c2_w320 | C=2 W=320 noyau=3x3 | sortie 318 px/ligne | MACs/ligne=5724 | ring buffers=7680 o (scaling_bench src/bin/scaling_bench.rs:74)
[INFO ]   -> 53012 cycles/ligne (315.5476 us, 9.261355 cycles/MAC) (scaling_bench src/bin/scaling_bench.rs:112)
[INFO ]   -> FPS plafond compute-bound (ignore acquisition capteur/DMA) : (scaling_bench src/bin/scaling_bench.rs:119)
[INFO ]        120p (120 lignes) -> 26.409115 fps max (scaling_bench src/bin/scaling_bench.rs:122)
[INFO ]        240p (240 lignes) -> 13.204557 fps max (scaling_bench src/bin/scaling_bench.rs:122)
[INFO ]        480p (480 lignes) -> 6.6022787 fps max (scaling_bench src/bin/scaling_bench.rs:122)
[INFO ]        720p (720 lignes) -> 4.4015193 fps max (scaling_bench src/bin/scaling_bench.rs:122)
[INFO ] SCALE|c2_w320|2|320|53012|315.5476|9.261355|7680|26.409115|13.204557|6.6022787|4.4015193 (scaling_bench src/bin/scaling_bench.rs:129)
[INFO ] c3_w320 | C=3 W=320 noyau=3x3 | sortie 318 px/ligne | MACs/ligne=8586 | ring buffers=11520 o (scaling_bench src/bin/scaling_bench.rs:74)
[INFO ]   -> 78336 cycles/ligne (466.2857 us, 9.12369 cycles/MAC) (scaling_bench src/bin/scaling_bench.rs:112)
[INFO ]   -> FPS plafond compute-bound (ignore acquisition capteur/DMA) : (scaling_bench src/bin/scaling_bench.rs:119)
[INFO ]        120p (120 lignes) -> 17.871733 fps max (scaling_bench src/bin/scaling_bench.rs:122)
[INFO ]        240p (240 lignes) -> 8.935866 fps max (scaling_bench src/bin/scaling_bench.rs:122)
[INFO ]        480p (480 lignes) -> 4.467933 fps max (scaling_bench src/bin/scaling_bench.rs:122)
[INFO ]        720p (720 lignes) -> 2.978622 fps max (scaling_bench src/bin/scaling_bench.rs:122)
[INFO ] SCALE|c3_w320|3|320|78336|466.2857|9.12369|11520|17.871733|8.935866|4.467933|2.978622 (scaling_bench src/bin/scaling_bench.rs:129)
[INFO ] c4_w320 | C=4 W=320 noyau=3x3 | sortie 318 px/ligne | MACs/ligne=11448 | ring buffers=15360 o (scaling_bench src/bin/scaling_bench.rs:74)
[INFO ]   -> 103387 cycles/ligne (615.3988 us, 9.03101 cycles/MAC) (scaling_bench src/bin/scaling_bench.rs:112)
[INFO ]   -> FPS plafond compute-bound (ignore acquisition capteur/DMA) : (scaling_bench src/bin/scaling_bench.rs:119)
[INFO ]        120p (120 lignes) -> 13.541354 fps max (scaling_bench src/bin/scaling_bench.rs:122)
[INFO ]        240p (240 lignes) -> 6.770677 fps max (scaling_bench src/bin/scaling_bench.rs:122)
[INFO ]        480p (480 lignes) -> 3.3853385 fps max (scaling_bench src/bin/scaling_bench.rs:122)
[INFO ]        720p (720 lignes) -> 2.2568924 fps max (scaling_bench src/bin/scaling_bench.rs:122)
[INFO ] SCALE|c4_w320|4|320|103387|615.3988|9.03101|15360|13.541354|6.770677|3.3853385|2.2568924 (scaling_bench src/bin/scaling_bench.rs:129)
[INFO ] c2_w640 | C=2 W=640 noyau=3x3 | sortie 638 px/ligne | MACs/ligne=11484 | ring buffers=15360 o (scaling_bench src/bin/scaling_bench.rs:74)
[INFO ]   -> 101325 cycles/ligne (603.125 us, 8.823145 cycles/MAC) (scaling_bench src/bin/scaling_bench.rs:112)
[INFO ]   -> FPS plafond compute-bound (ignore acquisition capteur/DMA) : (scaling_bench src/bin/scaling_bench.rs:119)
[INFO ]        120p (120 lignes) -> 13.816926 fps max (scaling_bench src/bin/scaling_bench.rs:122)
[INFO ]        240p (240 lignes) -> 6.908463 fps max (scaling_bench src/bin/scaling_bench.rs:122)
[INFO ]        480p (480 lignes) -> 3.4542315 fps max (scaling_bench src/bin/scaling_bench.rs:122)
[INFO ]        720p (720 lignes) -> 2.302821 fps max (scaling_bench src/bin/scaling_bench.rs:122)
[INFO ] SCALE|c2_w640|2|640|101325|603.125|8.823145|15360|13.816926|6.908463|3.4542315|2.302821 (scaling_bench src/bin/scaling_bench.rs:129)
[INFO ] c3_w640 | C=3 W=640 noyau=3x3 | sortie 638 px/ligne | MACs/ligne=17226 | ring buffers=23040 o (scaling_bench src/bin/scaling_bench.rs:74)
[INFO ]   -> 147113 cycles/ligne (875.6726 us, 8.540172 cycles/MAC) (scaling_bench src/bin/scaling_bench.rs:112)
[INFO ]   -> FPS plafond compute-bound (ignore acquisition capteur/DMA) : (scaling_bench src/bin/scaling_bench.rs:119)
[INFO ]        120p (120 lignes) -> 9.516494 fps max (scaling_bench src/bin/scaling_bench.rs:122)
[INFO ]        240p (240 lignes) -> 4.758247 fps max (scaling_bench src/bin/scaling_bench.rs:122)
[INFO ]        480p (480 lignes) -> 2.3791234 fps max (scaling_bench src/bin/scaling_bench.rs:122)
[INFO ]        720p (720 lignes) -> 1.5860823 fps max (scaling_bench src/bin/scaling_bench.rs:122)
[INFO ] SCALE|c3_w640|3|640|147113|875.6726|8.540172|23040|9.516494|4.758247|2.3791234|1.5860823 (scaling_bench src/bin/scaling_bench.rs:129)
[INFO ] c4_w640 | C=4 W=640 noyau=3x3 | sortie 638 px/ligne | MACs/ligne=22968 | ring buffers=30720 o (scaling_bench src/bin/scaling_bench.rs:74)
[INFO ]   -> 198741 cycles/ligne (1182.9822 us, 8.652952 cycles/MAC) (scaling_bench src/bin/scaling_bench.rs:112)
[INFO ]   -> FPS plafond compute-bound (ignore acquisition capteur/DMA) : (scaling_bench src/bin/scaling_bench.rs:119)
[INFO ]        120p (120 lignes) -> 7.044344 fps max (scaling_bench src/bin/scaling_bench.rs:122)
[INFO ]        240p (240 lignes) -> 3.522172 fps max (scaling_bench src/bin/scaling_bench.rs:122)
[INFO ]        480p (480 lignes) -> 1.761086 fps max (scaling_bench src/bin/scaling_bench.rs:122)
[INFO ]        720p (720 lignes) -> 1.1740574 fps max (scaling_bench src/bin/scaling_bench.rs:122)
[INFO ] SCALE|c4_w640|4|640|198741|1182.9822|8.652952|30720|7.044344|3.522172|1.761086|1.1740574 (scaling_bench src/bin/scaling_bench.rs:129)
[INFO ] c2_w1280 | C=2 W=1280 noyau=3x3 | sortie 1278 px/ligne | MACs/ligne=23004 | ring buffers=30720 o (scaling_bench src/bin/scaling_bench.rs:74)
[INFO ]   -> 191381 cycles/ligne (1139.1726 us, 8.319467 cycles/MAC) (scaling_bench src/bin/scaling_bench.rs:112)
[INFO ]   -> FPS plafond compute-bound (ignore acquisition capteur/DMA) : (scaling_bench src/bin/scaling_bench.rs:119)
[INFO ]        120p (120 lignes) -> 7.315251 fps max (scaling_bench src/bin/scaling_bench.rs:122)
[INFO ]        240p (240 lignes) -> 3.6576254 fps max (scaling_bench src/bin/scaling_bench.rs:122)
[INFO ]        480p (480 lignes) -> 1.8288127 fps max (scaling_bench src/bin/scaling_bench.rs:122)
[INFO ]        720p (720 lignes) -> 1.2192085 fps max (scaling_bench src/bin/scaling_bench.rs:122)
[INFO ] SCALE|c2_w1280|2|1280|191381|1139.1726|8.319467|30720|7.315251|3.6576254|1.8288127|1.2192085 (scaling_bench src/bin/scaling_bench.rs:129)
[INFO ] c3_w1280 | C=3 W=1280 noyau=3x3 | sortie 1278 px/ligne | MACs/ligne=34506 | ring buffers=46080 o (scaling_bench src/bin/scaling_bench.rs:74)
[INFO ]   -> 285596 cycles/ligne (1699.9762 us, 8.276706 cycles/MAC) (scaling_bench src/bin/scaling_bench.rs:112)
[INFO ]   -> FPS plafond compute-bound (ignore acquisition capteur/DMA) : (scaling_bench src/bin/scaling_bench.rs:119)
[INFO ]        120p (120 lignes) -> 4.9020295 fps max (scaling_bench src/bin/scaling_bench.rs:122)
[INFO ]        240p (240 lignes) -> 2.4510148 fps max (scaling_bench src/bin/scaling_bench.rs:122)
[INFO ]        480p (480 lignes) -> 1.2255074 fps max (scaling_bench src/bin/scaling_bench.rs:122)
[INFO ]        720p (720 lignes) -> 0.8170049 fps max (scaling_bench src/bin/scaling_bench.rs:122)
[INFO ] SCALE|c3_w1280|3|1280|285596|1699.9762|8.276706|46080|4.9020295|2.4510148|1.2255074|0.8170049 (scaling_bench src/bin/scaling_bench.rs:129)
[INFO ] c4_w1280 | C=4 W=1280 noyau=3x3 | sortie 1278 px/ligne | MACs/ligne=46008 | ring buffers=61440 o (scaling_bench src/bin/scaling_bench.rs:74)
[INFO ]   -> 384442 cycles/ligne (2288.3452 us, 8.355982 cycles/MAC) (scaling_bench src/bin/scaling_bench.rs:112)
[INFO ]   -> FPS plafond compute-bound (ignore acquisition capteur/DMA) : (scaling_bench src/bin/scaling_bench.rs:119)
[INFO ]        120p (120 lignes) -> 3.6416416 fps max (scaling_bench src/bin/scaling_bench.rs:122)
[INFO ]        240p (240 lignes) -> 1.8208208 fps max (scaling_bench src/bin/scaling_bench.rs:122)
[INFO ]        480p (480 lignes) -> 0.9104104 fps max (scaling_bench src/bin/scaling_bench.rs:122)
[INFO ]        720p (720 lignes) -> 0.60694027 fps max (scaling_bench src/bin/scaling_bench.rs:122)
[INFO ] SCALE|c4_w1280|4|1280|384442|2288.3452|8.355982|61440|3.6416416|1.8208208|0.9104104|0.60694027 (scaling_bench src/bin/scaling_bench.rs:129)
[INFO ] === fin scaling_bench === (scaling_bench src/bin/scaling_bench.rs:191)
Received SIGTERM, exiting
Exited by user request
